This is pdfTeX, Version 3.141592653-2.6-1.40.29 (TeX Live 2026/Arch Linux) (preloaded format=pdflatex 2026.6.7)  19 AUG 2026 16:14
entering extended mode
 restricted \write18 enabled.
 %&-line parsing enabled.
**presentation.tex
(./presentation.tex
LaTeX2e <2025-11-01>
L3 programming layer <2026-01-19>
(/usr/share/texmf-dist/tex/latex/beamer/beamer.cls
Document Class: beamer 2026/01/22 v3.77 A class for typesetting presentations
(/usr/share/texmf-dist/tex/latex/beamer/beamerbasemodes.sty
(/usr/share/texmf-dist/tex/latex/etoolbox/etoolbox.sty
Package: etoolbox 2025/10/02 v2.5m e-TeX tools for LaTeX (JAW)
\etb@tempcnta=\count275
)
\beamer@tempbox=\box53
\beamer@tempcount=\count276
\c@beamerpauses=\count277

(/usr/share/texmf-dist/tex/latex/beamer/beamerbasedecode.sty
\beamer@slideinframe=\count278
\beamer@minimum=\count279
\beamer@decode@box=\box54
)
\beamer@commentbox=\box55
\beamer@modecount=\count280
)
(/usr/share/texmf-dist/tex/generic/iftex/iftex.sty
Package: iftex 2024/12/12 v1.0g TeX engine tests
)
\headdp=\dimen148
\footheight=\dimen149
\sidebarheight=\dimen150
\beamer@tempdim=\dimen151
\beamer@finalheight=\dimen152
\beamer@animht=\dimen153
\beamer@animdp=\dimen154
\beamer@animwd=\dimen155
\beamer@leftmargin=\dimen156
\beamer@rightmargin=\dimen157
\beamer@leftsidebar=\dimen158
\beamer@rightsidebar=\dimen159
\beamer@boxsize=\dimen160
\beamer@vboxoffset=\dimen161
\beamer@descdefault=\dimen162
\beamer@descriptionwidth=\dimen163
\beamer@lastskip=\skip49
\beamer@areabox=\box56
\beamer@animcurrent=\box57
\beamer@animshowbox=\box58
\beamer@sectionbox=\box59
\beamer@logobox=\box60
\beamer@linebox=\box61
\beamer@sectioncount=\count281
\beamer@subsubsectionmax=\count282
\beamer@subsectionmax=\count283
\beamer@sectionmax=\count284
\beamer@totalheads=\count285
\beamer@headcounter=\count286
\beamer@partstartpage=\count287
\beamer@sectionstartpage=\count288
\beamer@subsectionstartpage=\count289
\beamer@animationtempa=\count290
\beamer@animationtempb=\count291
\beamer@xpos=\count292
\beamer@ypos=\count293
\beamer@ypos@offset=\count294
\beamer@showpartnumber=\count295
\beamer@currentsubsection=\count296
\beamer@coveringdepth=\count297
\beamer@sectionadjust=\count298
\beamer@toclastsection=\count299
\beamer@tocsectionnumber=\count300

(/usr/share/texmf-dist/tex/latex/beamer/beamerbaseoptions.sty
(/usr/share/texmf-dist/tex/latex/graphics/keyval.sty
Package: keyval 2022/05/29 v1.15 key=value parser (DPC)
\KV@toks@=\toks17
))
\beamer@paperwidth=\skip50
\beamer@paperheight=\skip51

(/usr/share/texmf-dist/tex/latex/geometry/geometry.sty
Package: geometry 2020/01/02 v5.9 Page Geometry

(/usr/share/texmf-dist/tex/generic/iftex/ifvtex.sty
Package: ifvtex 2019/10/25 v1.7 ifvtex legacy package. Use iftex instead.
)
\Gm@cnth=\count301
\Gm@cntv=\count302
\c@Gm@tempcnt=\count303
\Gm@bindingoffset=\dimen164
\Gm@wd@mp=\dimen165
\Gm@odd@mp=\dimen166
\Gm@even@mp=\dimen167
\Gm@layoutwidth=\dimen168
\Gm@layoutheight=\dimen169
\Gm@layouthoffset=\dimen170
\Gm@layoutvoffset=\dimen171
\Gm@dimlist=\toks18
)
(/usr/share/texmf-dist/tex/latex/pgf/math/pgfmath.sty
(/usr/share/texmf-dist/tex/latex/pgf/utilities/pgfrcs.sty
(/usr/share/texmf-dist/tex/generic/pgf/utilities/pgfutil-common.tex
\pgfutil@everybye=\toks19
\pgfutil@tempdima=\dimen172
\pgfutil@tempdimb=\dimen173
)
(/usr/share/texmf-dist/tex/generic/pgf/utilities/pgfutil-latex.def
\pgfutil@abb=\box62
)
(/usr/share/texmf-dist/tex/generic/pgf/utilities/pgfrcs.code.tex
(/usr/share/texmf-dist/tex/generic/pgf/pgf.revision.tex)
Package: pgfrcs 2025-08-29 v3.1.11a (3.1.11a)
))
(/usr/share/texmf-dist/tex/latex/pgf/utilities/pgfkeys.sty
(/usr/share/texmf-dist/tex/generic/pgf/utilities/pgfkeys.code.tex
\pgfkeys@pathtoks=\toks20
\pgfkeys@temptoks=\toks21

(/usr/share/texmf-dist/tex/generic/pgf/utilities/pgfkeyslibraryfiltered.code.te
x
\pgfkeys@tmptoks=\toks22
))) (/usr/share/texmf-dist/tex/generic/pgf/math/pgfmath.code.tex
(/usr/share/texmf-dist/tex/generic/pgf/math/pgfmathutil.code.tex
\pgf@x=\dimen174
\pgf@xa=\dimen175
\pgf@xb=\dimen176
\pgf@xc=\dimen177
\pgf@y=\dimen178
\pgf@ya=\dimen179
\pgf@yb=\dimen180
\pgf@yc=\dimen181
\c@pgf@counta=\count304
\c@pgf@countb=\count305
\c@pgf@countc=\count306
\c@pgf@countd=\count307
)
(/usr/share/texmf-dist/tex/generic/pgf/math/pgfmathparser.code.tex
\pgfmath@dimen=\dimen182
\pgfmath@count=\count308
\pgfmath@box=\box63
\pgfmath@toks=\toks23
\pgfmath@stack@operand=\toks24
\pgfmath@stack@operation=\toks25
)
(/usr/share/texmf-dist/tex/generic/pgf/math/pgfmathfunctions.code.tex)
(/usr/share/texmf-dist/tex/generic/pgf/math/pgfmathfunctions.basic.code.tex)
(/usr/share/texmf-dist/tex/generic/pgf/math/pgfmathfunctions.trigonometric.code
.tex)
(/usr/share/texmf-dist/tex/generic/pgf/math/pgfmathfunctions.random.code.tex)
(/usr/share/texmf-dist/tex/generic/pgf/math/pgfmathfunctions.comparison.code.te
x) (/usr/share/texmf-dist/tex/generic/pgf/math/pgfmathfunctions.base.code.tex)
(/usr/share/texmf-dist/tex/generic/pgf/math/pgfmathfunctions.round.code.tex)
(/usr/share/texmf-dist/tex/generic/pgf/math/pgfmathfunctions.misc.code.tex)
(/usr/share/texmf-dist/tex/generic/pgf/math/pgfmathfunctions.integerarithmetics
.code.tex) (/usr/share/texmf-dist/tex/generic/pgf/math/pgfmathcalc.code.tex)
(/usr/share/texmf-dist/tex/generic/pgf/math/pgfmathfloat.code.tex
\c@pgfmathroundto@lastzeros=\count309
)))
(/usr/share/texmf-dist/tex/latex/base/size12.clo
File: size12.clo 2025/01/22 v1.4n Standard LaTeX file (size option)
)
(/usr/share/texmf-dist/tex/latex/pgf/basiclayer/pgfcore.sty
(/usr/share/texmf-dist/tex/latex/graphics/graphicx.sty
Package: graphicx 2024/12/31 v1.2e Enhanced LaTeX Graphics (DPC,SPQR)

(/usr/share/texmf-dist/tex/latex/graphics/graphics.sty
Package: graphics 2024/08/06 v1.4g Standard LaTeX Graphics (DPC,SPQR)

(/usr/share/texmf-dist/tex/latex/graphics/trig.sty
Package: trig 2023/12/02 v1.11 sin cos tan (DPC)
)
(/usr/share/texmf-dist/tex/latex/graphics-cfg/graphics.cfg
File: graphics.cfg 2016/06/04 v1.11 sample graphics configuration
)
Package graphics Info: Driver file: pdftex.def on input line 106.

(/usr/share/texmf-dist/tex/latex/graphics-def/pdftex.def
File: pdftex.def 2025/09/29 v1.2d Graphics/color driver for pdftex
))
\Gin@req@height=\dimen183
\Gin@req@width=\dimen184
)
(/usr/share/texmf-dist/tex/latex/pgf/systemlayer/pgfsys.sty
(/usr/share/texmf-dist/tex/generic/pgf/systemlayer/pgfsys.code.tex
Package: pgfsys 2025-08-29 v3.1.11a (3.1.11a)
\pgf@x=\dimen185
\pgf@y=\dimen186
\pgf@xa=\dimen187
\pgf@ya=\dimen188
\pgf@xb=\dimen189
\pgf@yb=\dimen190
\pgf@xc=\dimen191
\pgf@yc=\dimen192
\pgf@xd=\dimen193
\pgf@yd=\dimen194
\w@pgf@writea=\write3
\r@pgf@reada=\read2
\c@pgf@counta=\count310
\c@pgf@countb=\count311
\c@pgf@countc=\count312
\c@pgf@countd=\count313
\t@pgf@toka=\toks26
\t@pgf@tokb=\toks27
\t@pgf@tokc=\toks28
\pgf@sys@id@count=\count314

(/usr/share/texmf-dist/tex/generic/pgf/systemlayer/pgf.cfg
File: pgf.cfg 2025-08-29 v3.1.11a (3.1.11a)
)
Driver file for pgf: pgfsys-pdftex.def

(/usr/share/texmf-dist/tex/generic/pgf/systemlayer/pgfsys-pdftex.def
File: pgfsys-pdftex.def 2025-08-29 v3.1.11a (3.1.11a)

(/usr/share/texmf-dist/tex/generic/pgf/systemlayer/pgfsys-common-pdf.def
File: pgfsys-common-pdf.def 2025-08-29 v3.1.11a (3.1.11a)
)))
(/usr/share/texmf-dist/tex/generic/pgf/systemlayer/pgfsyssoftpath.code.tex
File: pgfsyssoftpath.code.tex 2025-08-29 v3.1.11a (3.1.11a)
\pgfsyssoftpath@smallbuffer@items=\count315
\pgfsyssoftpath@bigbuffer@items=\count316
)
(/usr/share/texmf-dist/tex/generic/pgf/systemlayer/pgfsysprotocol.code.tex
File: pgfsysprotocol.code.tex 2025-08-29 v3.1.11a (3.1.11a)
))
(/usr/share/texmf-dist/tex/latex/xcolor/xcolor.sty
Package: xcolor 2024/09/29 v3.02 LaTeX color extensions (UK)

(/usr/share/texmf-dist/tex/latex/graphics-cfg/color.cfg
File: color.cfg 2016/01/02 v1.6 sample color configuration
)
Package xcolor Info: Driver file: pdftex.def on input line 274.

(/usr/share/texmf-dist/tex/latex/graphics/mathcolor.ltx)
Package xcolor Info: Model `cmy' substituted by `cmy0' on input line 1349.
Package xcolor Info: Model `hsb' substituted by `rgb' on input line 1353.
Package xcolor Info: Model `RGB' extended on input line 1365.
Package xcolor Info: Model `HTML' substituted by `rgb' on input line 1367.
Package xcolor Info: Model `Hsb' substituted by `hsb' on input line 1368.
Package xcolor Info: Model `tHsb' substituted by `hsb' on input line 1369.
Package xcolor Info: Model `HSB' substituted by `hsb' on input line 1370.
Package xcolor Info: Model `Gray' substituted by `gray' on input line 1371.
Package xcolor Info: Model `wave' substituted by `hsb' on input line 1372.
)
(/usr/share/texmf-dist/tex/generic/pgf/basiclayer/pgfcore.code.tex
Package: pgfcore 2025-08-29 v3.1.11a (3.1.11a)

(/usr/share/texmf-dist/tex/generic/pgf/math/pgfint.code.tex)
(/usr/share/texmf-dist/tex/generic/pgf/basiclayer/pgfcorepoints.code.tex
File: pgfcorepoints.code.tex 2025-08-29 v3.1.11a (3.1.11a)
\pgf@picminx=\dimen195
\pgf@picmaxx=\dimen196
\pgf@picminy=\dimen197
\pgf@picmaxy=\dimen198
\pgf@pathminx=\dimen199
\pgf@pathmaxx=\dimen256
\pgf@pathminy=\dimen257
\pgf@pathmaxy=\dimen258
\pgf@xx=\dimen259
\pgf@xy=\dimen260
\pgf@yx=\dimen261
\pgf@yy=\dimen262
\pgf@zx=\dimen263
\pgf@zy=\dimen264
)
(/usr/share/texmf-dist/tex/generic/pgf/basiclayer/pgfcorepathconstruct.code.tex
File: pgfcorepathconstruct.code.tex 2025-08-29 v3.1.11a (3.1.11a)
\pgf@path@lastx=\dimen265
\pgf@path@lasty=\dimen266
) (/usr/share/texmf-dist/tex/generic/pgf/basiclayer/pgfcorepathusage.code.tex
File: pgfcorepathusage.code.tex 2025-08-29 v3.1.11a (3.1.11a)
\pgf@shorten@end@additional=\dimen267
\pgf@shorten@start@additional=\dimen268
)
(/usr/share/texmf-dist/tex/generic/pgf/basiclayer/pgfcorescopes.code.tex
File: pgfcorescopes.code.tex 2025-08-29 v3.1.11a (3.1.11a)
\pgfpic=\box64
\pgf@hbox=\box65
\pgf@layerbox@main=\box66
\pgf@picture@serial@count=\count317
)
(/usr/share/texmf-dist/tex/generic/pgf/basiclayer/pgfcoregraphicstate.code.tex
File: pgfcoregraphicstate.code.tex 2025-08-29 v3.1.11a (3.1.11a)
\pgflinewidth=\dimen269
)
(/usr/share/texmf-dist/tex/generic/pgf/basiclayer/pgfcoretransformations.code.t
ex
File: pgfcoretransformations.code.tex 2025-08-29 v3.1.11a (3.1.11a)
\pgf@pt@x=\dimen270
\pgf@pt@y=\dimen271
\pgf@pt@temp=\dimen272
) (/usr/share/texmf-dist/tex/generic/pgf/basiclayer/pgfcorequick.code.tex
File: pgfcorequick.code.tex 2025-08-29 v3.1.11a (3.1.11a)
)
(/usr/share/texmf-dist/tex/generic/pgf/basiclayer/pgfcoreobjects.code.tex
File: pgfcoreobjects.code.tex 2025-08-29 v3.1.11a (3.1.11a)
)
(/usr/share/texmf-dist/tex/generic/pgf/basiclayer/pgfcorepathprocessing.code.te
x
File: pgfcorepathprocessing.code.tex 2025-08-29 v3.1.11a (3.1.11a)
) (/usr/share/texmf-dist/tex/generic/pgf/basiclayer/pgfcorearrows.code.tex
File: pgfcorearrows.code.tex 2025-08-29 v3.1.11a (3.1.11a)
\pgfarrowsep=\dimen273
)
(/usr/share/texmf-dist/tex/generic/pgf/basiclayer/pgfcoreshade.code.tex
File: pgfcoreshade.code.tex 2025-08-29 v3.1.11a (3.1.11a)
\pgf@max=\dimen274
\pgf@sys@shading@range@num=\count318
\pgf@shadingcount=\count319
)
(/usr/share/texmf-dist/tex/generic/pgf/basiclayer/pgfcoreimage.code.tex
File: pgfcoreimage.code.tex 2025-08-29 v3.1.11a (3.1.11a)
)
(/usr/share/texmf-dist/tex/generic/pgf/basiclayer/pgfcoreexternal.code.tex
File: pgfcoreexternal.code.tex 2025-08-29 v3.1.11a (3.1.11a)
\pgfexternal@startupbox=\box67
)
(/usr/share/texmf-dist/tex/generic/pgf/basiclayer/pgfcorelayers.code.tex
File: pgfcorelayers.code.tex 2025-08-29 v3.1.11a (3.1.11a)
)
(/usr/share/texmf-dist/tex/generic/pgf/basiclayer/pgfcoretransparency.code.tex
File: pgfcoretransparency.code.tex 2025-08-29 v3.1.11a (3.1.11a)
) (/usr/share/texmf-dist/tex/generic/pgf/basiclayer/pgfcorepatterns.code.tex
File: pgfcorepatterns.code.tex 2025-08-29 v3.1.11a (3.1.11a)
)
(/usr/share/texmf-dist/tex/generic/pgf/basiclayer/pgfcorerdf.code.tex
File: pgfcorerdf.code.tex 2025-08-29 v3.1.11a (3.1.11a)
)))
(/usr/share/texmf-dist/tex/latex/pgf/utilities/xxcolor.sty
Package: xxcolor 2003/10/24 ver 0.1
\XC@nummixins=\count320
\XC@countmixins=\count321
)
(/usr/share/texmf-dist/tex/latex/base/atbegshi-ltx.sty
Package: atbegshi-ltx 2021/01/10 v1.0c Emulation of the original atbegshi
package with kernel methods
)
(/usr/share/texmf-dist/tex/latex/hyperref/hyperref.sty
Package: hyperref 2026-01-29 v7.01p Hypertext links for LaTeX

(/usr/share/texmf-dist/tex/latex/kvsetkeys/kvsetkeys.sty
Package: kvsetkeys 2022-10-05 v1.19 Key value parser (HO)
)
(/usr/share/texmf-dist/tex/generic/kvdefinekeys/kvdefinekeys.sty
Package: kvdefinekeys 2019-12-19 v1.6 Define keys (HO)
)
(/usr/share/texmf-dist/tex/generic/pdfescape/pdfescape.sty
Package: pdfescape 2019/12/09 v1.15 Implements pdfTeX's escape features (HO)

(/usr/share/texmf-dist/tex/generic/ltxcmds/ltxcmds.sty
Package: ltxcmds 2023-12-04 v1.26 LaTeX kernel commands for general use (HO)
)
(/usr/share/texmf-dist/tex/generic/pdftexcmds/pdftexcmds.sty
Package: pdftexcmds 2020-06-27 v0.33 Utility functions of pdfTeX for LuaTeX (HO
)

(/usr/share/texmf-dist/tex/generic/infwarerr/infwarerr.sty
Package: infwarerr 2019/12/03 v1.5 Providing info/warning/error messages (HO)
)
Package pdftexcmds Info: \pdf@primitive is available.
Package pdftexcmds Info: \pdf@ifprimitive is available.
Package pdftexcmds Info: \pdfdraftmode found.
))
(/usr/share/texmf-dist/tex/latex/hycolor/hycolor.sty
Package: hycolor 2020-01-27 v1.10 Color options for hyperref/bookmark (HO)
)
(/usr/share/texmf-dist/tex/latex/hyperref/nameref.sty
Package: nameref 2026-01-29 v2.58 Cross-referencing by name of section

(/usr/share/texmf-dist/tex/latex/refcount/refcount.sty
Package: refcount 2019/12/15 v3.6 Data extraction from label references (HO)
)
(/usr/share/texmf-dist/tex/generic/gettitlestring/gettitlestring.sty
Package: gettitlestring 2019/12/15 v1.6 Cleanup title references (HO)

(/usr/share/texmf-dist/tex/latex/kvoptions/kvoptions.sty
Package: kvoptions 2022-06-15 v3.15 Key value format for package options (HO)
))
\c@section@level=\count322
)
(/usr/share/texmf-dist/tex/generic/stringenc/stringenc.sty
Package: stringenc 2019/11/29 v1.12 Convert strings between diff. encodings (HO
)
)
\@linkdim=\dimen275
\Hy@linkcounter=\count323
\Hy@pagecounter=\count324

(/usr/share/texmf-dist/tex/latex/hyperref/pd1enc.def
File: pd1enc.def 2026-01-29 v7.01p Hyperref: PDFDocEncoding definition (HO)
Now handling font encoding PD1 ...
... no UTF-8 mapping file for font encoding PD1
)
(/usr/share/texmf-dist/tex/generic/intcalc/intcalc.sty
Package: intcalc 2019/12/15 v1.3 Expandable calculations with integers (HO)
)
\Hy@SavedSpaceFactor=\count325

(/usr/share/texmf-dist/tex/latex/hyperref/puenc.def
File: puenc.def 2026-01-29 v7.01p Hyperref: PDF Unicode definition (HO)
Now handling font encoding PU ...
... no UTF-8 mapping file for font encoding PU
)
Package hyperref Info: Option `bookmarks' set `true' on input line 4072.
Package hyperref Info: Option `bookmarksopen' set `true' on input line 4072.
Package hyperref Info: Option `implicit' set `false' on input line 4072.
Package hyperref Info: Hyper figures OFF on input line 4201.
Package hyperref Info: Link nesting OFF on input line 4206.
Package hyperref Info: Hyper index ON on input line 4209.
Package hyperref Info: Plain pages OFF on input line 4216.
Package hyperref Info: Backreferencing OFF on input line 4221.
Package hyperref Info: Implicit mode OFF; no redefinition of LaTeX internals.
Package hyperref Info: Bookmarks ON on input line 4468.
\c@Hy@tempcnt=\count326

(/usr/share/texmf-dist/tex/latex/url/url.sty
\Urlmuskip=\muskip17
Package: url 2013/09/16  ver 3.4  Verb mode for urls, etc.
)
LaTeX Info: Redefining \url on input line 4807.
\XeTeXLinkMargin=\dimen276

(/usr/share/texmf-dist/tex/generic/bitset/bitset.sty
Package: bitset 2019/12/09 v1.3 Handle bit-vector datatype (HO)

(/usr/share/texmf-dist/tex/generic/bigintcalc/bigintcalc.sty
Package: bigintcalc 2019/12/15 v1.5 Expandable calculations on big integers (HO
)
))
\Fld@menulength=\count327
\Field@Width=\dimen277
\Fld@charsize=\dimen278
Package hyperref Info: Hyper figures OFF on input line 6084.
Package hyperref Info: Link nesting OFF on input line 6089.
Package hyperref Info: Hyper index ON on input line 6092.
Package hyperref Info: backreferencing OFF on input line 6099.
Package hyperref Info: Link coloring OFF on input line 6104.
Package hyperref Info: Link coloring with OCG OFF on input line 6109.
Package hyperref Info: PDF/A mode OFF on input line 6114.
\Hy@abspage=\count328


Package hyperref Message: Stopped early.

)
Package hyperref Info: Driver (autodetected): hpdftex.
 (/usr/share/texmf-dist/tex/latex/hyperref/hpdftex.def
File: hpdftex.def 2026-01-29 v7.01p Hyperref driver for pdfTeX
\Fld@listcount=\count329
\c@bookmark@seq@number=\count330

(/usr/share/texmf-dist/tex/latex/rerunfilecheck/rerunfilecheck.sty
Package: rerunfilecheck 2025-06-21 v1.11 Rerun checks for auxiliary files (HO)

(/usr/share/texmf-dist/tex/generic/uniquecounter/uniquecounter.sty
Package: uniquecounter 2019/12/15 v1.4 Provide unlimited unique counter (HO)
)
Package uniquecounter Info: New unique counter `rerunfilecheck' on input line 2
84.
))
(/usr/share/texmf-dist/tex/latex/beamer/beamerbaserequires.sty
(/usr/share/texmf-dist/tex/latex/beamer/beamerbasecompatibility.sty)
(/usr/share/texmf-dist/tex/latex/beamer/beamerbasefont.sty
(/usr/share/texmf-dist/tex/latex/amsfonts/amssymb.sty
Package: amssymb 2013/01/14 v3.01 AMS font symbols

(/usr/share/texmf-dist/tex/latex/amsfonts/amsfonts.sty
Package: amsfonts 2013/01/14 v3.01 Basic AMSFonts support
\@emptytoks=\toks29
\symAMSa=\mathgroup4
\symAMSb=\mathgroup5
LaTeX Font Info:    Redeclaring math symbol \hbar on input line 98.
LaTeX Font Info:    Overwriting math alphabet `\mathfrak' in version `bold'
(Font)                  U/euf/m/n --> U/euf/b/n on input line 106.
))
(/usr/share/texmf-dist/tex/latex/sansmathaccent/sansmathaccent.sty
Package: sansmathaccent 2020/01/31

(/usr/share/texmf-dist/tex/latex/koma-script/scrlfile.sty
Package: scrlfile 2026/02/02 v3.49.2 KOMA-Script package (file load hooks)

(/usr/share/texmf-dist/tex/latex/koma-script/scrlfile-hook.sty
Package: scrlfile-hook 2026/02/02 v3.49.2 KOMA-Script package (using LaTeX hook
s)

(/usr/share/texmf-dist/tex/latex/koma-script/scrlogo.sty
Package: scrlogo 2026/02/02 v3.49.2 KOMA-Script package (logo)
)))))
(/usr/share/texmf-dist/tex/latex/beamer/beamerbasetranslator.sty
(/usr/share/texmf-dist/tex/latex/translator/translator.sty
Package: translator 2021-05-31 v1.12d Easy translation of strings in LaTeX
))
(/usr/share/texmf-dist/tex/latex/beamer/beamerbasemisc.sty)
(/usr/share/texmf-dist/tex/latex/beamer/beamerbasetwoscreens.sty)
(/usr/share/texmf-dist/tex/latex/beamer/beamerbaseoverlay.sty
\beamer@argscount=\count331
\beamer@lastskipcover=\skip52
\beamer@trivlistdepth=\count332
)
(/usr/share/texmf-dist/tex/latex/beamer/beamerbasetitle.sty)
(/usr/share/texmf-dist/tex/latex/beamer/beamerbasesection.sty
\c@lecture=\count333
\c@part=\count334
\c@section=\count335
\c@subsection=\count336
\c@subsubsection=\count337
)
(/usr/share/texmf-dist/tex/latex/beamer/beamerbaseframe.sty
\beamer@framebox=\box68
\beamer@frametitlebox=\box69
\beamer@zoombox=\box70
\beamer@zoomcount=\count338
\beamer@zoomframecount=\count339
\beamer@frametextheight=\dimen279
\c@subsectionslide=\count340
\beamer@frametopskip=\skip53
\beamer@framebottomskip=\skip54
\beamer@frametopskipautobreak=\skip55
\beamer@framebottomskipautobreak=\skip56
\beamer@envbody=\toks30
\framewidth=\dimen280
\c@framenumber=\count341
)
(/usr/share/texmf-dist/tex/latex/beamer/beamerbaseverbatim.sty
\beamer@verbatimfileout=\write4
)
(/usr/share/texmf-dist/tex/latex/beamer/beamerbaseframesize.sty
\beamer@splitbox=\box71
\beamer@autobreakcount=\count342
\beamer@autobreaklastheight=\dimen281
\beamer@frametitletoks=\toks31
\beamer@framesubtitletoks=\toks32
)
(/usr/share/texmf-dist/tex/latex/beamer/beamerbaseframecomponents.sty
\beamer@colheight=\skip57
\beamer@footins=\box72
)
(/usr/share/texmf-dist/tex/latex/beamer/beamerbasecolor.sty)
(/usr/share/texmf-dist/tex/latex/beamer/beamerbasenotes.sty
\beamer@frameboxcopy=\box73
)
(/usr/share/texmf-dist/tex/latex/beamer/beamerbasetoc.sty)
(/usr/share/texmf-dist/tex/latex/beamer/beamerbasetemplates.sty
\beamer@sbttoks=\toks33

(/usr/share/texmf-dist/tex/latex/beamer/beamerbaseauxtemplates.sty
(/usr/share/texmf-dist/tex/latex/beamer/beamerbaseboxes.sty
\bmb@box=\box74
\bmb@colorbox=\box75
\bmb@boxwidth=\dimen282
\bmb@boxheight=\dimen283
\bmb@prevheight=\dimen284
\bmb@temp=\dimen285
\bmb@dima=\dimen286
\bmb@dimb=\dimen287
\bmb@prevheight=\dimen288
)
\beamer@blockheadheight=\dimen289
))
(/usr/share/texmf-dist/tex/latex/beamer/beamerbaselocalstructure.sty
(/usr/share/texmf-dist/tex/latex/tools/enumerate.sty
Package: enumerate 2023/07/04 v3.00 enumerate extensions (DPC)
\@enLab=\toks34
)
\beamer@bibiconwidth=\skip58
\c@figure=\count343
\c@table=\count344
\abovecaptionskip=\skip59
\belowcaptionskip=\skip60
)
(/usr/share/texmf-dist/tex/latex/beamer/beamerbasenavigation.sty
(/usr/share/texmf-dist/tex/latex/beamer/beamerbasenavigationsymbols.tex)
\beamer@section@min@dim=\dimen290
)
(/usr/share/texmf-dist/tex/latex/beamer/beamerbasetheorems.sty
(/usr/share/texmf-dist/tex/latex/amsmath/amsmath.sty
Package: amsmath 2025/07/09 v2.17z AMS math features
\@mathmargin=\skip61

For additional information on amsmath, use the `?' option.
(/usr/share/texmf-dist/tex/latex/amsmath/amstext.sty
Package: amstext 2024/11/17 v2.01 AMS text

(/usr/share/texmf-dist/tex/latex/amsmath/amsgen.sty
File: amsgen.sty 1999/11/30 v2.0 generic functions
\@emptytoks=\toks35
\ex@=\dimen291
))
(/usr/share/texmf-dist/tex/latex/amsmath/amsbsy.sty
Package: amsbsy 1999/11/29 v1.2d Bold Symbols
\pmbraise@=\dimen292
)
(/usr/share/texmf-dist/tex/latex/amsmath/amsopn.sty
Package: amsopn 2022/04/08 v2.04 operator names
)
\inf@bad=\count345
LaTeX Info: Redefining \frac on input line 233.
\uproot@=\count346
\leftroot@=\count347
LaTeX Info: Redefining \overline on input line 398.
LaTeX Info: Redefining \colon on input line 409.
\classnum@=\count348
\DOTSCASE@=\count349
LaTeX Info: Redefining \ldots on input line 495.
LaTeX Info: Redefining \dots on input line 498.
LaTeX Info: Redefining \cdots on input line 619.
\Mathstrutbox@=\box76
\strutbox@=\box77
LaTeX Info: Redefining \big on input line 721.
LaTeX Info: Redefining \Big on input line 722.
LaTeX Info: Redefining \bigg on input line 723.
LaTeX Info: Redefining \Bigg on input line 724.
\big@size=\dimen293
LaTeX Font Info:    Redeclaring font encoding OML on input line 742.
LaTeX Font Info:    Redeclaring font encoding OMS on input line 743.
\macc@depth=\count350
LaTeX Info: Redefining \bmod on input line 904.
LaTeX Info: Redefining \pmod on input line 909.
LaTeX Info: Redefining \smash on input line 939.
LaTeX Info: Redefining \relbar on input line 969.
LaTeX Info: Redefining \Relbar on input line 970.
\c@MaxMatrixCols=\count351
\dotsspace@=\muskip18
\c@parentequation=\count352
\dspbrk@lvl=\count353
\tag@help=\toks36
\row@=\count354
\column@=\count355
\maxfields@=\count356
\andhelp@=\toks37
\eqnshift@=\dimen294
\alignsep@=\dimen295
\tagshift@=\dimen296
\tagwidth@=\dimen297
\totwidth@=\dimen298
\lineht@=\dimen299
\@envbody=\toks38
\multlinegap=\skip62
\multlinetaggap=\skip63
\mathdisplay@stack=\toks39
LaTeX Info: Redefining \[ on input line 2950.
LaTeX Info: Redefining \] on input line 2951.
)
(/usr/share/texmf-dist/tex/latex/amscls/amsthm.sty
Package: amsthm 2020/05/29 v2.20.6
\thm@style=\toks40
\thm@bodyfont=\toks41
\thm@headfont=\toks42
\thm@notefont=\toks43
\thm@headpunct=\toks44
\thm@preskip=\skip64
\thm@postskip=\skip65
\thm@headsep=\skip66
\dth@everypar=\toks45
)
\c@theorem=\count357
)
(/usr/share/texmf-dist/tex/latex/beamer/beamerbasethemes.sty))
(/usr/share/texmf-dist/tex/latex/beamer/beamerthemedefault.sty
(/usr/share/texmf-dist/tex/latex/beamer/beamerfontthemedefault.sty)
(/usr/share/texmf-dist/tex/latex/beamer/beamercolorthemedefault.sty)
(/usr/share/texmf-dist/tex/latex/beamer/beamerinnerthemedefault.sty
\beamer@dima=\dimen300
\beamer@dimb=\dimen301
)
(/usr/share/texmf-dist/tex/latex/beamer/beamerouterthemedefault.sty)))
(/usr/share/texmf-dist/tex/latex/base/fontenc.sty
Package: fontenc 2025/07/18 v2.1d Standard LaTeX package
)
(/usr/share/texmf-dist/tex/latex/base/inputenc.sty
Package: inputenc 2024/02/08 v1.3d Input encoding file
\inpenc@prehook=\toks46
\inpenc@posthook=\toks47

(/usr/share/texmf-dist/tex/latex/base/latin1.def
File: latin1.def 2024/02/08 v1.3d Input encoding file
LaTeX Encoding Info:    Ignoring declaration for text command \textdegree (enco
ding ?) on input line 47.
LaTeX Encoding Info:    Ignoring declaration for text command \textonehalf (enc
oding ?) on input line 48.
LaTeX Encoding Info:    Ignoring declaration for text command \textonequarter (
encoding ?) on input line 49.
LaTeX Encoding Info:    Ignoring declaration for text command \textthreequarter
s (encoding ?) on input line 50.
LaTeX Encoding Info:    Ignoring declaration for text command \textcent (encodi
ng ?) on input line 51.
LaTeX Encoding Info:    Ignoring declaration for text command \textyen (encodin
g ?) on input line 53.
LaTeX Encoding Info:    Ignoring declaration for text command \textcurrency (en
coding ?) on input line 55.
LaTeX Encoding Info:    Ignoring declaration for text command \textbrokenbar (e
ncoding ?) on input line 57.
))
(/usr/share/texmf-dist/tex/generic/babel/babel.sty
Package: babel 2026/02/14 v26.3 The multilingual framework for LuaLaTeX, pdfLaT
eX and XeLaTeX
\babel@savecnt=\count358
LaTeX Encoding Info:    Redeclaring text command \ij (encoding OT1) on input li
ne 2078.
LaTeX Encoding Info:    Redeclaring text command \IJ (encoding OT1) on input li
ne 2080.
LaTeX Encoding Info:    Redeclaring text command \ij (encoding T1) on input lin
e 2082.
LaTeX Encoding Info:    Redeclaring text command \IJ (encoding T1) on input lin
e 2083.
LaTeX Encoding Info:    Ignoring declaration for text command \ij (encoding ?) 
on input line 2084.
LaTeX Encoding Info:    Ignoring declaration for text command \IJ (encoding ?) 
on input line 2086.
LaTeX Encoding Info:    Ignoring declaration for text command \SS (encoding ?) 
on input line 2111.
\U@D=\dimen302
\l@unhyphenated=\language5

(/usr/share/texmf-dist/tex/generic/babel/txtbabel.def)
\bbl@readstream=\read3
LaTeX Info: Redefining \textlatin on input line 3974.
\bbl@dirlevel=\count359

(/usr/share/texmf-dist/tex/generic/babel/locale/fr/babel-french.tex)
Package babel Info: Importing font and identification data for french
(babel)             from babel-fr.ini. Reported on input line 4330.

(/usr/share/texmf-dist/tex/generic/babel-french/french.ldf
Language: french 2025-08-15 v4.0e French support from the babel system

(/usr/share/texmf-dist/tex/generic/babel-french/french3.ldf
Language: french 2025-08-15 v3.7e French support from the babel system
\FB@stdchar=\count360
Package babel Info: Making : an active character on input line 273.
Package babel Info: Making ; an active character on input line 274.
Package babel Info: Making ! an active character on input line 275.
Package babel Info: Making ? an active character on input line 276.
\FBguill@level=\count361
\FBold@everypar=\toks48
\FB@Mht=\dimen303
\mc@charclass=\count362
\mc@charfam=\count363
\mc@charslot=\count364
\std@mcc=\count365
\dec@mcc=\count366
\FB@pardim=\dimen304
\listindentFB=\dimen305
\descindentFB=\dimen306
\labelindentFB=\dimen307
\labelwidthFB=\dimen308
\leftmarginFB=\dimen309
\parindentFFN=\dimen310
\FBfnindent=\dimen311
)))
(/usr/share/texmf-dist/tex/latex/carlisle/scalefnt.sty)
Package french3.ldf Info: No list customisation for the beamer class,
(french3.ldf)             reported on input line 6.

(/usr/share/texmf-dist/tex/latex/pslatex/pslatex.sty
Package: pslatex 2021/01/13 v1.3 pslatex emulation (DPC)
LaTeX Encoding Info:    Redeclaring text command \textsterling (encoding ?) on 
input line 51.
LaTeX Font Info:    Redeclaring symbol font `operators' on input line 66.
LaTeX Font Info:    Overwriting symbol font `operators' in version `normal'
(Font)                  OT1/cmr/m/n --> OT1/ptmcm/m/n on input line 66.
LaTeX Font Info:    Overwriting symbol font `operators' in version `bold'
(Font)                  OT1/cmr/bx/n --> OT1/ptmcm/m/n on input line 66.
LaTeX Font Info:    Redeclaring symbol font `letters' on input line 67.
LaTeX Font Info:    Overwriting symbol font `letters' in version `normal'
(Font)                  OML/cmm/m/it --> OML/ptmcm/m/it on input line 67.
LaTeX Font Info:    Overwriting symbol font `letters' in version `bold'
(Font)                  OML/cmm/b/it --> OML/ptmcm/m/it on input line 67.
LaTeX Font Info:    Redeclaring symbol font `symbols' on input line 68.
LaTeX Font Info:    Overwriting symbol font `symbols' in version `normal'
(Font)                  OMS/cmsy/m/n --> OMS/pzccm/m/n on input line 68.
LaTeX Font Info:    Overwriting symbol font `symbols' in version `bold'
(Font)                  OMS/cmsy/b/n --> OMS/pzccm/m/n on input line 68.
LaTeX Font Info:    Redeclaring symbol font `largesymbols' on input line 69.
LaTeX Font Info:    Overwriting symbol font `largesymbols' in version `normal'
(Font)                  OMX/cmex/m/n --> OMX/psycm/m/n on input line 69.
LaTeX Font Info:    Overwriting symbol font `largesymbols' in version `bold'
(Font)                  OMX/cmex/m/n --> OMX/psycm/m/n on input line 69.
\symbold=\mathgroup6
\symitalic=\mathgroup7
LaTeX Font Info:    Redeclaring math alphabet \mathbf on input line 75.
LaTeX Font Info:    Overwriting math alphabet `\mathbf' in version `normal'
(Font)                  OT1/cmr/bx/n --> OT1/ptm/bx/n on input line 75.
LaTeX Font Info:    Overwriting math alphabet `\mathbf' in version `bold'
(Font)                  OT1/cmr/bx/n --> OT1/ptm/bx/n on input line 75.
LaTeX Font Info:    Redeclaring math alphabet \mathit on input line 76.
LaTeX Font Info:    Overwriting math alphabet `\mathit' in version `normal'
(Font)                  OT1/cmr/m/it --> OT1/ptm/m/it on input line 76.
LaTeX Font Info:    Overwriting math alphabet `\mathit' in version `bold'
(Font)                  OT1/cmr/bx/it --> OT1/ptm/m/it on input line 76.
LaTeX Font Info:    Font shape `T1/phv/m/n' will be
(Font)              scaled to size 10.79993pt on input line 457.
)
(/usr/share/texmf-dist/tex/latex/pgf/frontendlayer/tikz.sty
(/usr/share/texmf-dist/tex/latex/pgf/basiclayer/pgf.sty
Package: pgf 2025-08-29 v3.1.11a (3.1.11a)

(/usr/share/texmf-dist/tex/generic/pgf/modules/pgfmoduleshapes.code.tex
File: pgfmoduleshapes.code.tex 2025-08-29 v3.1.11a (3.1.11a)
\pgfnodeparttextbox=\box78
)
(/usr/share/texmf-dist/tex/generic/pgf/modules/pgfmoduleplot.code.tex
File: pgfmoduleplot.code.tex 2025-08-29 v3.1.11a (3.1.11a)
)
(/usr/share/texmf-dist/tex/latex/pgf/compatibility/pgfcomp-version-0-65.sty
Package: pgfcomp-version-0-65 2025-08-29 v3.1.11a (3.1.11a)
\pgf@nodesepstart=\dimen312
\pgf@nodesepend=\dimen313
)
(/usr/share/texmf-dist/tex/latex/pgf/compatibility/pgfcomp-version-1-18.sty
Package: pgfcomp-version-1-18 2025-08-29 v3.1.11a (3.1.11a)
))
(/usr/share/texmf-dist/tex/latex/pgf/utilities/pgffor.sty
(/usr/share/texmf-dist/tex/generic/pgf/utilities/pgffor.code.tex
Package: pgffor 2025-08-29 v3.1.11a (3.1.11a)
\pgffor@iter=\dimen314
\pgffor@skip=\dimen315
\pgffor@stack=\toks49
\pgffor@toks=\toks50
))
(/usr/share/texmf-dist/tex/generic/pgf/frontendlayer/tikz/tikz.code.tex
Package: tikz 2025-08-29 v3.1.11a (3.1.11a)

(/usr/share/texmf-dist/tex/generic/pgf/libraries/pgflibraryplothandlers.code.te
x
File: pgflibraryplothandlers.code.tex 2025-08-29 v3.1.11a (3.1.11a)
\pgf@plot@mark@count=\count367
\pgfplotmarksize=\dimen316
)
\tikz@lastx=\dimen317
\tikz@lasty=\dimen318
\tikz@lastxsaved=\dimen319
\tikz@lastysaved=\dimen320
\tikz@lastmovetox=\dimen321
\tikz@lastmovetoy=\dimen322
\tikzleveldistance=\dimen323
\tikzsiblingdistance=\dimen324
\tikz@figbox=\box79
\tikz@figbox@bg=\box80
\tikz@tempbox=\box81
\tikz@tempbox@bg=\box82
\tikztreelevel=\count368
\tikznumberofchildren=\count369
\tikznumberofcurrentchild=\count370
\tikz@fig@count=\count371
 (/usr/share/texmf-dist/tex/generic/pgf/modules/pgfmodulematrix.code.tex
File: pgfmodulematrix.code.tex 2025-08-29 v3.1.11a (3.1.11a)
\pgfmatrixcurrentrow=\count372
\pgfmatrixcurrentcolumn=\count373
\pgf@matrix@numberofcolumns=\count374
)
\tikz@expandcount=\count375

(/usr/share/texmf-dist/tex/generic/pgf/frontendlayer/tikz/libraries/tikzlibrary
topaths.code.tex
File: tikzlibrarytopaths.code.tex 2025-08-29 v3.1.11a (3.1.11a)
))) (/usr/share/texmf-dist/tex/latex/tikz-cd/tikz-cd.sty
Package: tikz-cd 2021/05/04 v1.0 Commutative diagrams with TikZ

(/usr/share/texmf-dist/tex/generic/tikz-cd/tikzlibrarycd.code.tex
(/usr/share/texmf-dist/tex/generic/pgf/frontendlayer/tikz/libraries/tikzlibrary
matrix.code.tex
File: tikzlibrarymatrix.code.tex 2025-08-29 v3.1.11a (3.1.11a)
)
(/usr/share/texmf-dist/tex/generic/pgf/frontendlayer/tikz/libraries/tikzlibrary
quotes.code.tex
File: tikzlibraryquotes.code.tex 2025-08-29 v3.1.11a (3.1.11a)
)
(/usr/share/texmf-dist/tex/generic/pgf/libraries/pgflibraryarrows.meta.code.tex
File: pgflibraryarrows.meta.code.tex 2025-08-29 v3.1.11a (3.1.11a)
\pgfarrowinset=\dimen325
\pgfarrowlength=\dimen326
\pgfarrowwidth=\dimen327
\pgfarrowlinewidth=\dimen328
))) (/usr/share/texmf-dist/tex/latex/circuitikz/circuitikz.sty
Package: circuitikz 2026/02/04{} The CircuiTikz circuit drawing package version
 1.8.5

(/usr/share/texmf-dist/tex/generic/pgf/frontendlayer/tikz/libraries/tikzlibrary
calc.code.tex
File: tikzlibrarycalc.code.tex 2025-08-29 v3.1.11a (3.1.11a)
)
(/usr/share/texmf-dist/tex/generic/pgf/frontendlayer/tikz/libraries/tikzlibrary
bending.code.tex
File: tikzlibrarybending.code.tex 2025-08-29 v3.1.11a (3.1.11a)

(/usr/share/texmf-dist/tex/generic/pgf/modules/pgfmodulebending.code.tex
File: pgfmodulebending.code.tex 2025-08-29 v3.1.11a (3.1.11a)

(/usr/share/texmf-dist/tex/generic/pgf/modules/pgfmodulenonlineartransformation
s.code.tex
File: pgfmodulenonlineartransformations.code.tex 2025-08-29 v3.1.11a (3.1.11a)
\pgftransformnonlinearflatness=\dimen329
)
(/usr/share/texmf-dist/tex/generic/pgf/libraries/pgflibrarycurvilinear.code.tex
File: pgflibrarycurvilinear.code.tex 2025-08-29 v3.1.11a (3.1.11a)
\pgf@curvilinear@time@a=\dimen330
\pgf@curvilinear@length@a=\dimen331
\pgf@curvilinear@length@b=\dimen332
\pgf@curvilinear@length@c=\dimen333
\pgf@curvilinear@length@d=\dimen334
)
\pgf@arrows@the@rigidity=\dimen335
))
(/usr/share/texmf-dist/tex/generic/pgf/frontendlayer/tikz/libraries/tikzlibrary
fpu.code.tex
(/usr/share/texmf-dist/tex/generic/pgf/libraries/pgflibraryfpu.code.tex))
(/usr/share/texmf-dist/tex/generic/circuitikz/pgfcirc.defines.tex
\pgf@circ@count@a=\count376
\pgf@circ@count@b=\count377
\pgf@circ@count@c=\count378
\pgf@circ@res@up=\dimen336
\pgf@circ@res@down=\dimen337
\pgf@circ@res@zero=\dimen338
\pgf@circ@res@left=\dimen339
\pgf@circ@res@right=\dimen340
\pgf@circ@res@other=\dimen341
\pgf@circ@res@step=\dimen342
\pgf@circ@res@temp=\dimen343
\pgf@circ@Rlen=\dimen344
\pgf@circ@scaled@Rlen=\dimen345
\pgfstartlinewidth=\dimen346
)
(/usr/share/texmf-dist/tex/generic/circuitikz/pgfcircutils.tex
\ctikz@scratchbox=\box83
)
(/usr/share/texmf-dist/tex/generic/circuitikz/pgfcircpath.tex
\ctikz@vif@count=\count379
)
(/usr/share/texmf-dist/tex/generic/circuitikz/pgfcircshapes.tex)
(/usr/share/texmf-dist/tex/generic/circuitikz/pgfcircmonopoles.tex)
(/usr/share/texmf-dist/tex/generic/circuitikz/pgfcircbipoles.tex)
(/usr/share/texmf-dist/tex/generic/circuitikz/pgfcirctripoles.tex
\pgf@circ@res@count=\count380
)
(/usr/share/texmf-dist/tex/generic/circuitikz/pgfcircquadpoles.tex)
(/usr/share/texmf-dist/tex/generic/circuitikz/pgfcircmultipoles.tex)
(/usr/share/texmf-dist/tex/generic/circuitikz/pgfcirclabel.tex)
(/usr/share/texmf-dist/tex/generic/circuitikz/pgfcircvoltage.tex
\pgfcirc@labelshift=\dimen347
)
(/usr/share/texmf-dist/tex/generic/circuitikz/pgfcirccurrent.tex)
(/usr/share/texmf-dist/tex/generic/circuitikz/pgfcircflow.tex))
(/usr/share/texmf-dist/tex/latex/ebproof/ebproof.sty
(/usr/share/texmf-dist/tex/latex/l3kernel/expl3.sty
Package: expl3 2026-01-19 L3 programming layer (loader) 

(/usr/share/texmf-dist/tex/latex/l3backend/l3backend-pdftex.def
File: l3backend-pdftex.def 2025-10-09 L3 backend support: PDF output (pdfTeX)
\l__color_backend_stack_int=\count381
))
(/usr/share/texmf-dist/tex/latex/l3packages/xparse/xparse.sty
Package: xparse 2025-10-09 L3 Experimental document command parser
)
Package: ebproof 2021/01/28 v2.1.1 EB's proof trees
\l__ebproof_separation_dim=\dimen348
\l__ebproof_rule_margin_dim=\dimen349
\l__ebproof_rule_thickness_dim=\dimen350
\l__ebproof_rule_separation_dim=\dimen351
\l__ebproof_rule_dash_length_dim=\dimen352
\l__ebproof_rule_dash_space_dim=\dimen353
\l__ebproof_label_separation_dim=\dimen354
\l__ebproof_label_axis_dim=\dimen355
\g__ebproof_register_int=\count382
\l__ebproof_transit_dim=\dimen356
\g__ebproof_level_int=\count383
\g__ebproof_stack_box=\box84
\l__ebproof_1_box=\box85
\l__ebproof_2_box=\box86
\l__ebproof_3_box=\box87
\l__ebproof_4_box=\box88
)
(/usr/share/texmf-dist/tex/latex/adjustbox/adjustbox.sty
Package: adjustbox 2025/02/26 v1.3c Adjusting TeX boxes (trim, clip, ...)

(/usr/share/texmf-dist/tex/latex/xkeyval/xkeyval.sty
Package: xkeyval 2025/11/04 v2.10 package option processing (HA)

(/usr/share/texmf-dist/tex/generic/xkeyval/xkeyval.tex
(/usr/share/texmf-dist/tex/generic/xkeyval/xkvutils.tex
\XKV@toks=\toks51
\XKV@tempa@toks=\toks52
\XKV@tempb@toks=\toks53
)
\XKV@depth=\count384
File: xkeyval.tex 2014/12/03 v2.7a key=value parser (HA)
))
(/usr/share/texmf-dist/tex/latex/adjustbox/adjcalc.sty
Package: adjcalc 2012/05/16 v1.1 Provides advanced setlength with multiple back
-ends (calc, etex, pgfmath)
)
(/usr/share/texmf-dist/tex/latex/adjustbox/trimclip.sty
Package: trimclip 2025/02/21 v1.2a Trim and clip general TeX material

(/usr/share/texmf-dist/tex/latex/collectbox/collectbox.sty
Package: collectbox 2022/10/17 v0.4c Collect macro arguments as boxes
\collectedbox=\box89
)
\tc@llx=\dimen357
\tc@lly=\dimen358
\tc@urx=\dimen359
\tc@ury=\dimen360
Package trimclip Info: Using driver 'tc-pdftex.def'.

(/usr/share/texmf-dist/tex/latex/adjustbox/tc-pdftex.def
File: tc-pdftex.def 2025/02/26 v2.3 Clipping driver for pdftex
))
\adjbox@Width=\dimen361
\adjbox@Height=\dimen362
\adjbox@Depth=\dimen363
\adjbox@Totalheight=\dimen364
\adjbox@pwidth=\dimen365
\adjbox@pheight=\dimen366
\adjbox@pdepth=\dimen367
\adjbox@ptotalheight=\dimen368

(/usr/share/texmf-dist/tex/latex/ifoddpage/ifoddpage.sty
Package: ifoddpage 2022/10/18 v1.2 Conditionals for odd/even page detection
\c@checkoddpage=\count385
)
(/usr/share/texmf-dist/tex/latex/varwidth/varwidth.sty
Package: varwidth 2009/03/30 ver 0.92;  Variable-width minipages
\@vwid@box=\box90
\sift@deathcycles=\count386
\@vwid@loff=\dimen369
\@vwid@roff=\dimen370
)
==> First Aid for varwidth.sty applied!
) (/usr/share/texmf-dist/tex/latex/beamer/beamerthemeMadrid.sty
(/usr/share/texmf-dist/tex/latex/beamer/beamercolorthemewhale.sty)
(/usr/share/texmf-dist/tex/latex/beamer/beamercolorthemeorchid.sty)
(/usr/share/texmf-dist/tex/latex/beamer/beamerinnerthemerounded.sty)
(/usr/share/texmf-dist/tex/latex/beamer/beamerouterthemeinfolines.sty))
(./presentation.aux
Package babel Info: 'french' activates 'french' shorthands.
(babel)             Reported on input line 12.
)
\openout1 = `presentation.aux'.

LaTeX Font Info:    Checking defaults for OML/cmm/m/it on input line 23.
LaTeX Font Info:    ... okay on input line 23.
LaTeX Font Info:    Checking defaults for OMS/pzccm/m/n on input line 23.
LaTeX Font Info:    Trying to load font information for OMS+pzccm on input line
 23.
 (/usr/share/texmf-dist/tex/latex/psnfss/omspzccm.fd
File: omspzccm.fd 2000/01/03 Fontinst v1.801 font definitions for OMS/pzccm.
)
LaTeX Font Info:    ... okay on input line 23.
LaTeX Font Info:    Checking defaults for OT1/cmr/m/n on input line 23.
LaTeX Font Info:    ... okay on input line 23.
LaTeX Font Info:    Checking defaults for T1/cmr/m/n on input line 23.
LaTeX Font Info:    ... okay on input line 23.
LaTeX Font Info:    Checking defaults for TS1/cmr/m/n on input line 23.
LaTeX Font Info:    ... okay on input line 23.
LaTeX Font Info:    Checking defaults for OMX/cmex/m/n on input line 23.
LaTeX Font Info:    ... okay on input line 23.
LaTeX Font Info:    Checking defaults for U/cmr/m/n on input line 23.
LaTeX Font Info:    ... okay on input line 23.
LaTeX Font Info:    Checking defaults for PD1/pdf/m/n on input line 23.
LaTeX Font Info:    ... okay on input line 23.
LaTeX Font Info:    Checking defaults for PU/pdf/m/n on input line 23.
LaTeX Font Info:    ... okay on input line 23.

*geometry* driver: auto-detecting
*geometry* detected driver: pdftex
*geometry* verbose mode - [ preamble ] result:
* driver: pdftex
* paper: custom
* layout: <same size as paper>
* layoutoffset:(h,v)=(0.0pt,0.0pt)
* modes: includehead includefoot 
* h-part:(L,W,R)=(10.79993pt, 342.5955pt, 10.79993pt)
* v-part:(T,H,B)=(0.0pt, 273.14662pt, 0.0pt)
* \paperwidth=364.19536pt
* \paperheight=273.14662pt
* \textwidth=342.5955pt
* \textheight=244.6939pt
* \oddsidemargin=-61.47006pt
* \evensidemargin=-61.47006pt
* \topmargin=-72.26999pt
* \headheight=14.22636pt
* \headsep=0.0pt
* \topskip=12.0pt
* \footskip=14.22636pt
* \marginparwidth=4.0pt
* \marginparsep=10.0pt
* \columnsep=10.0pt
* \skip\footins=10.8pt plus 4.0pt minus 2.0pt
* \hoffset=0.0pt
* \voffset=0.0pt
* \mag=1000
* \@twocolumnfalse
* \@twosidefalse
* \@mparswitchfalse
* \@reversemarginfalse
* (1in=72.27pt=25.4mm, 1cm=28.453pt)

(/usr/share/texmf-dist/tex/context/base/mkii/supp-pdf.mkii
[Loading MPS to PDF converter (version 2006.09.02).]
\scratchcounter=\count387
\scratchdimen=\dimen371
\scratchbox=\box91
\nofMPsegments=\count388
\nofMParguments=\count389
\everyMPshowfont=\toks54
\MPscratchCnt=\count390
\MPscratchDim=\dimen372
\MPnumerator=\count391
\makeMPintoPDFobject=\count392
\everyMPtoPDFconversion=\toks55
) (/usr/share/texmf-dist/tex/latex/epstopdf-pkg/epstopdf-base.sty
Package: epstopdf-base 2020-01-24 v2.11 Base part for package epstopdf
Package epstopdf-base Info: Redefining graphics rule for `.eps' on input line 4
85.

(/usr/share/texmf-dist/tex/latex/latexconfig/epstopdf-sys.cfg
File: epstopdf-sys.cfg 2010/07/13 v1.3 Configuration of (r)epstopdf for TeX Liv
e
))
Package hyperref Info: Link coloring OFF on input line 23.

(./presentation.out) (./presentation.out)
\@outlinefile=\write5
\openout5 = `presentation.out'.

LaTeX Font Info:    Overwriting symbol font `operators' in version `normal'
(Font)                  OT1/ptmcm/m/n --> OT1/cmss/m/n on input line 23.
LaTeX Font Info:    Overwriting symbol font `operators' in version `bold'
(Font)                  OT1/ptmcm/m/n --> OT1/cmss/b/n on input line 23.
\symnumbers=\mathgroup8
\sympureletters=\mathgroup9
LaTeX Font Info:    Overwriting math alphabet `\mathrm' in version `normal'
(Font)                  OT1/cmss/m/n --> T1/ptm/m/n on input line 23.
LaTeX Font Info:    Redeclaring math alphabet \mathbf on input line 23.
LaTeX Font Info:    Overwriting math alphabet `\mathbf' in version `normal'
(Font)                  OT1/ptm/bx/n --> T1/phv/b/n on input line 23.
LaTeX Font Info:    Overwriting math alphabet `\mathbf' in version `bold'
(Font)                  OT1/ptm/bx/n --> T1/phv/b/n on input line 23.
LaTeX Font Info:    Redeclaring math alphabet \mathsf on input line 23.
LaTeX Font Info:    Overwriting math alphabet `\mathsf' in version `normal'
(Font)                  OT1/cmss/m/n --> T1/phv/m/n on input line 23.
LaTeX Font Info:    Overwriting math alphabet `\mathsf' in version `bold'
(Font)                  OT1/cmss/bx/n --> T1/phv/m/n on input line 23.
LaTeX Font Info:    Redeclaring math alphabet \mathit on input line 23.
LaTeX Font Info:    Overwriting math alphabet `\mathit' in version `normal'
(Font)                  OT1/ptm/m/it --> T1/phv/m/it on input line 23.
LaTeX Font Info:    Overwriting math alphabet `\mathit' in version `bold'
(Font)                  OT1/ptm/m/it --> T1/phv/m/it on input line 23.
LaTeX Font Info:    Redeclaring math alphabet \mathtt on input line 23.
LaTeX Font Info:    Overwriting math alphabet `\mathtt' in version `normal'
(Font)                  OT1/cmtt/m/n --> T1/pcr/m/n on input line 23.
LaTeX Font Info:    Overwriting math alphabet `\mathtt' in version `bold'
(Font)                  OT1/cmtt/m/n --> T1/pcr/m/n on input line 23.
LaTeX Font Info:    Overwriting symbol font `numbers' in version `bold'
(Font)                  T1/phv/m/n --> T1/phv/b/n on input line 23.
LaTeX Font Info:    Overwriting symbol font `pureletters' in version `bold'
(Font)                  T1/phv/m/it --> T1/phv/b/it on input line 23.
LaTeX Font Info:    Overwriting math alphabet `\mathrm' in version `bold'
(Font)                  OT1/cmss/b/n --> T1/ptm/b/n on input line 23.
LaTeX Font Info:    Overwriting math alphabet `\mathbf' in version `bold'
(Font)                  T1/phv/b/n --> T1/phv/b/n on input line 23.
LaTeX Font Info:    Overwriting math alphabet `\mathsf' in version `bold'
(Font)                  T1/phv/m/n --> T1/phv/b/n on input line 23.
LaTeX Font Info:    Overwriting math alphabet `\mathit' in version `bold'
(Font)                  T1/phv/m/it --> T1/phv/b/it on input line 23.
LaTeX Font Info:    Overwriting math alphabet `\mathtt' in version `bold'
(Font)                  T1/pcr/m/n --> T1/pcr/b/n on input line 23.

(/usr/share/texmf-dist/tex/latex/translator/translator-basic-dictionary-English
.dict
Dictionary: translator-basic-dictionary, Language: English 
)
(/usr/share/texmf-dist/tex/latex/translator/translator-bibliography-dictionary-
English.dict
Dictionary: translator-bibliography-dictionary, Language: English 
)
(/usr/share/texmf-dist/tex/latex/translator/translator-environment-dictionary-E
nglish.dict
Dictionary: translator-environment-dictionary, Language: English 
)
(/usr/share/texmf-dist/tex/latex/translator/translator-months-dictionary-Englis
h.dict
Dictionary: translator-months-dictionary, Language: English 
)
(/usr/share/texmf-dist/tex/latex/translator/translator-numbers-dictionary-Engli
sh.dict
Dictionary: translator-numbers-dictionary, Language: English 
)
(/usr/share/texmf-dist/tex/latex/translator/translator-theorem-dictionary-Engli
sh.dict
Dictionary: translator-theorem-dictionary, Language: English 
)
LaTeX Info: Redefining \degres on input line 23.
 (./presentation.nav)
LaTeX Font Info:    Font shape `T1/phv/m/n' will be
(Font)              scaled to size 5.39996pt on input line 23.

Overfull \hbox (49.98457pt too wide) in paragraph at lines 23--23
 [][]  \T1/phv/m/n/6 ([])  
 []


Overfull \hbox (10.66287pt too wide) in paragraph at lines 23--23
 [][][][]  
 []


Overfull \hbox (49.98457pt too wide) in paragraph at lines 25--25
 [][]  \T1/phv/m/n/6 ([])  
 []


Overfull \hbox (10.66287pt too wide) in paragraph at lines 25--25
 [][][][]  
 []

LaTeX Font Info:    Font shape `T1/phv/m/n' will be
(Font)              scaled to size 15.55188pt on input line 25.
LaTeX Font Info:    Font shape `T1/phv/m/n' will be
(Font)              scaled to size 7.19995pt on input line 25.
LaTeX Font Info:    Font shape `T1/phv/m/n' will be
(Font)              scaled to size 3.59998pt on input line 25.

Overfull \hbox (49.98457pt too wide) has occurred while \output is active
 [][]  \T1/phv/m/n/6 ([])  
 []


Overfull \hbox (10.66287pt too wide) has occurred while \output is active
 [][][][]  
 []

[1

{/var/lib/texmf/fonts/map/pdftex/updmap/pdftex.map}{/usr/share/texmf-dist/fonts
/enc/dvips/base/8r.enc}]
Overfull \hbox (49.98457pt too wide) in paragraph at lines 31--31
 [][]  \T1/phv/m/n/6 ([])  
 []


Overfull \hbox (10.66287pt too wide) in paragraph at lines 31--31
 [][][][]  
 []

(./presentation.toc)
Overfull \hbox (49.98457pt too wide) has occurred while \output is active
 [][]  \T1/phv/m/n/6 ([])  
 []


Overfull \hbox (10.66287pt too wide) has occurred while \output is active
 [][][][]  
 []

[2

]
Overfull \hbox (49.98457pt too wide) in paragraph at lines 35--35
 [][]  \T1/phv/m/n/6 ([])  
 []


Overfull \hbox (10.66287pt too wide) in paragraph at lines 35--35
 [][][][]  
 []

\openout4 = `presentation.vrb'.


Overfull \hbox (49.98457pt too wide) in paragraph at lines 46--46
 [][]  \T1/phv/m/n/6 ([])  
 []


Overfull \hbox (10.66287pt too wide) in paragraph at lines 46--46
 [][][][]  
 []

(./presentation.vrb
LaTeX Font Info:    Font shape `T1/phv/m/n' will be
(Font)              scaled to size 12.9599pt on input line 2.
LaTeX Font Info:    Trying to load font information for OML+ptmcm on input line
 4.
 (/usr/share/texmf-dist/tex/latex/psnfss/omlptmcm.fd
File: omlptmcm.fd 2000/01/03 Fontinst v1.801 font definitions for OML/ptmcm.
)
LaTeX Font Info:    Trying to load font information for OMX+psycm on input line
 4.

(/usr/share/texmf-dist/tex/latex/psnfss/omxpsycm.fd
File: omxpsycm.fd 2000/01/03 Fontinst v1.801 font definitions for OMX/psycm.
)
LaTeX Font Info:    Trying to load font information for U+msa on input line 4.

(/usr/share/texmf-dist/tex/latex/amsfonts/umsa.fd
File: umsa.fd 2013/01/14 v3.01 AMS symbols A
)
LaTeX Font Info:    Trying to load font information for U+msb on input line 4.

(/usr/share/texmf-dist/tex/latex/amsfonts/umsb.fd
File: umsb.fd 2013/01/14 v3.01 AMS symbols B
)
LaTeX Font Info:    Font shape `OT1/ptm/bx/n' in size <12> not available
(Font)              Font shape `OT1/ptm/b/n' tried instead on input line 4.
LaTeX Font Info:    Font shape `OT1/ptm/bx/n' in size <9> not available
(Font)              Font shape `OT1/ptm/b/n' tried instead on input line 4.
LaTeX Font Info:    Font shape `OT1/ptm/bx/n' in size <7> not available
(Font)              Font shape `OT1/ptm/b/n' tried instead on input line 4.
LaTeX Font Info:    Font shape `T1/phv/m/n' will be
(Font)              scaled to size 8.09995pt on input line 4.
LaTeX Font Info:    Font shape `T1/phv/m/n' will be
(Font)              scaled to size 6.29996pt on input line 4.
LaTeX Font Info:    Font shape `T1/phv/m/it' in size <12> not available
(Font)              Font shape `T1/phv/m/sl' tried instead on input line 4.
LaTeX Font Info:    Font shape `T1/phv/m/sl' will be
(Font)              scaled to size 10.79993pt on input line 4.
LaTeX Font Info:    Font shape `T1/phv/m/it' in size <9> not available
(Font)              Font shape `T1/phv/m/sl' tried instead on input line 4.
LaTeX Font Info:    Font shape `T1/phv/m/sl' will be
(Font)              scaled to size 8.09995pt on input line 4.
LaTeX Font Info:    Font shape `T1/phv/m/it' in size <7> not available
(Font)              Font shape `T1/phv/m/sl' tried instead on input line 4.
LaTeX Font Info:    Font shape `T1/phv/m/sl' will be
(Font)              scaled to size 6.29996pt on input line 4.
)
Overfull \hbox (49.98457pt too wide) has occurred while \output is active
 [][]  \T1/phv/m/n/6 ([])  
 []


Overfull \hbox (10.66287pt too wide) has occurred while \output is active
 [][][][]  
 []

[3

]
Overfull \hbox (49.98457pt too wide) in paragraph at lines 48--48
 [][]  \T1/phv/m/n/6 ([])  
 []


Overfull \hbox (10.66287pt too wide) in paragraph at lines 48--48
 [][][][]  
 []

\openout4 = `presentation.vrb'.


Overfull \hbox (49.98457pt too wide) in paragraph at lines 60--60
 [][]  \T1/phv/m/n/6 ([])  
 []


Overfull \hbox (10.66287pt too wide) in paragraph at lines 60--60
 [][][][]  
 []

(./presentation.vrb)
Overfull \hbox (49.98457pt too wide) has occurred while \output is active
 [][]  \T1/phv/m/n/6 ([])  
 []


Overfull \hbox (10.66287pt too wide) has occurred while \output is active
 [][][][]  
 []

[4

]
Overfull \hbox (49.98457pt too wide) in paragraph at lines 62--62
 [][]  \T1/phv/m/n/6 ([])  
 []


Overfull \hbox (10.66287pt too wide) in paragraph at lines 62--62
 [][][][]  
 []

\openout4 = `presentation.vrb'.


Overfull \hbox (49.98457pt too wide) in paragraph at lines 70--70
 [][]  \T1/phv/m/n/6 ([])  
 []


Overfull \hbox (10.66287pt too wide) in paragraph at lines 70--70
 [][][][]  
 []

(./presentation.vrb)
Overfull \hbox (49.98457pt too wide) has occurred while \output is active
 [][]  \T1/phv/m/n/6 ([])  
 []


Overfull \hbox (10.66287pt too wide) has occurred while \output is active
 [][][][]  
 []

[5

]
Overfull \hbox (49.98457pt too wide) in paragraph at lines 72--72
 [][]  \T1/phv/m/n/6 ([])  
 []


Overfull \hbox (10.66287pt too wide) in paragraph at lines 72--72
 [][][][]  
 []

\openout4 = `presentation.vrb'.


Overfull \hbox (49.98457pt too wide) in paragraph at lines 83--83
 [][]  \T1/phv/m/n/6 ([])  
 []


Overfull \hbox (10.66287pt too wide) in paragraph at lines 83--83
 [][][][]  
 []

(./presentation.vrb)
Overfull \hbox (49.98457pt too wide) has occurred while \output is active
 [][]  \T1/phv/m/n/6 ([])  
 []


Overfull \hbox (10.66287pt too wide) has occurred while \output is active
 [][][][]  
 []

[6

]
Overfull \hbox (49.98457pt too wide) in paragraph at lines 85--85
 [][]  \T1/phv/m/n/6 ([])  
 []


Overfull \hbox (10.66287pt too wide) in paragraph at lines 85--85
 [][][][]  
 []

\openout4 = `presentation.vrb'.


Overfull \hbox (49.98457pt too wide) in paragraph at lines 97--97
 [][]  \T1/phv/m/n/6 ([])  
 []


Overfull \hbox (10.66287pt too wide) in paragraph at lines 97--97
 [][][][]  
 []

(./presentation.vrb)
Overfull \hbox (49.98457pt too wide) has occurred while \output is active
 [][]  \T1/phv/m/n/6 ([])  
 []


Overfull \hbox (10.66287pt too wide) has occurred while \output is active
 [][][][]  
 []

[7

]
Overfull \hbox (49.98457pt too wide) in paragraph at lines 121--121
 [][]  \T1/phv/m/n/6 ([])  
 []


Overfull \hbox (10.66287pt too wide) in paragraph at lines 121--121
 [][][][]  
 []


Underfull \vbox (badness 10000) has occurred while \output is active []


Overfull \hbox (49.98457pt too wide) has occurred while \output is active
 [][]  \T1/phv/m/n/6 ([])  
 []


Overfull \hbox (10.66287pt too wide) has occurred while \output is active
 [][][][]  
 []

[8

]
Overfull \hbox (49.98457pt too wide) has occurred while \output is active
 [][]  \T1/phv/m/n/6 ([])  
 []


Overfull \hbox (10.66287pt too wide) has occurred while \output is active
 [][][][]  
 []

[9]
Overfull \hbox (49.98457pt too wide) in paragraph at lines 140--140
 [][]  \T1/phv/m/n/6 ([])  
 []


Overfull \hbox (10.66287pt too wide) in paragraph at lines 140--140
 [][][][]  
 []

LaTeX Font Info:    Font shape `T1/phv/m/n' will be
(Font)              scaled to size 16.37988pt on input line 140.
LaTeX Font Info:    Font shape `T1/phv/m/n' will be
(Font)              scaled to size 9.17993pt on input line 140.
LaTeX Font Info:    Calculating math sizes for size <10.2> on input line 140.
LaTeX Font Info:    Font shape `OT1/ptm/bx/n' in size <10.2> not available
(Font)              Font shape `OT1/ptm/b/n' tried instead on input line 140.
LaTeX Font Info:    Font shape `OT1/ptm/bx/n' in size <7.13995> not available
(Font)              Font shape `OT1/ptm/b/n' tried instead on input line 140.
LaTeX Font Info:    Font shape `OT1/ptm/bx/n' in size <5.09999> not available
(Font)              Font shape `OT1/ptm/b/n' tried instead on input line 140.
LaTeX Font Info:    Font shape `T1/phv/m/n' will be
(Font)              scaled to size 6.4259pt on input line 140.
LaTeX Font Info:    Font shape `T1/phv/m/n' will be
(Font)              scaled to size 4.58995pt on input line 140.
LaTeX Font Info:    Font shape `T1/phv/m/it' in size <10.2> not available
(Font)              Font shape `T1/phv/m/sl' tried instead on input line 140.
LaTeX Font Info:    Font shape `T1/phv/m/sl' will be
(Font)              scaled to size 9.17993pt on input line 140.
LaTeX Font Info:    Font shape `T1/phv/m/it' in size <7.13995> not available
(Font)              Font shape `T1/phv/m/sl' tried instead on input line 140.
LaTeX Font Info:    Font shape `T1/phv/m/sl' will be
(Font)              scaled to size 6.4259pt on input line 140.
LaTeX Font Info:    Font shape `T1/phv/m/it' in size <5.09999> not available
(Font)              Font shape `T1/phv/m/sl' tried instead on input line 140.
LaTeX Font Info:    Font shape `T1/phv/m/sl' will be
(Font)              scaled to size 4.58995pt on input line 140.

Overfull \hbox (49.98457pt too wide) has occurred while \output is active
 [][]  \T1/phv/m/n/6 ([])  
 []


Overfull \hbox (10.66287pt too wide) has occurred while \output is active
 [][][][]  
 []

[10

]
Overfull \hbox (49.98457pt too wide) in paragraph at lines 161--161
 [][]  \T1/phv/m/n/6 ([])  
 []


Overfull \hbox (10.66287pt too wide) in paragraph at lines 161--161
 [][][][]  
 []

LaTeX Font Info:    Font shape `T1/phv/m/n' will be
(Font)              scaled to size 12.5099pt on input line 161.

Overfull \hbox (49.98457pt too wide) has occurred while \output is active
 [][]  \T1/phv/m/n/6 ([])  
 []


Overfull \hbox (10.66287pt too wide) has occurred while \output is active
 [][][][]  
 []

[11

]
Overfull \hbox (49.98457pt too wide) in paragraph at lines 184--184
 [][]  \T1/phv/m/n/6 ([])  
 []


Overfull \hbox (10.66287pt too wide) in paragraph at lines 184--184
 [][][][]  
 []

LaTeX Font Info:    Font shape `T1/phv/m/n' will be
(Font)              scaled to size 10.70992pt on input line 184.

Overfull \hbox (49.98457pt too wide) has occurred while \output is active
 [][]  \T1/phv/m/n/6 ([])  
 []


Overfull \hbox (10.66287pt too wide) has occurred while \output is active
 [][][][]  
 []

[12

]
Overfull \hbox (49.98457pt too wide) in paragraph at lines 191--191
 [][]  \T1/phv/m/n/6 ([])  
 []


Overfull \hbox (10.66287pt too wide) in paragraph at lines 191--191
 [][][][]  
 []


Overfull \hbox (49.98457pt too wide) has occurred while \output is active
 [][]  \T1/phv/m/n/6 ([])  
 []


Overfull \hbox (10.66287pt too wide) has occurred while \output is active
 [][][][]  
 []

[13

]
Overfull \hbox (49.98457pt too wide) in paragraph at lines 200--200
 [][]  \T1/phv/m/n/6 ([])  
 []


Overfull \hbox (10.66287pt too wide) in paragraph at lines 200--200
 [][][][]  
 []

<images/agda.png, id=531, 1284.8pt x 420.57124pt>
File: images/agda.png Graphic file (type png)
<use images/agda.png>
Package pdftex.def Info: images/agda.png  used on input line 200.
(pdftex.def)             Requested size: 128.48752pt x 42.05959pt.
<images/exemple-definition.png, id=532, 624.3325pt x 112.42pt>
File: images/exemple-definition.png Graphic file (type png)
<use images/exemple-definition.png>
Package pdftex.def Info: images/exemple-definition.png  used on input line 200.

(pdftex.def)             Requested size: 249.72858pt x 44.9672pt.
<images/exemple-proposition.png, id=534, 632.3625pt x 56.21pt>
File: images/exemple-proposition.png Graphic file (type png)
<use images/exemple-proposition.png>
Package pdftex.def Info: images/exemple-proposition.png  used on input line 200
.
(pdftex.def)             Requested size: 252.94052pt x 22.4836pt.
<images/exemple-transformation.png, id=535, 819.06pt x 112.42pt>
File: images/exemple-transformation.png Graphic file (type png)
<use images/exemple-transformation.png>
Package pdftex.def Info: images/exemple-transformation.png  used on input line 
200.
(pdftex.def)             Requested size: 327.6182pt x 44.9672pt.

Overfull \hbox (8.52245pt too wide) in paragraph at lines 200--200
[][][][][][][]  
 []


Overfull \hbox (49.98457pt too wide) has occurred while \output is active
 [][]  \T1/phv/m/n/6 ([])  
 []


Overfull \hbox (10.66287pt too wide) has occurred while \output is active
 [][][][]  
 []

[14

 <./images/agda.png> <./images/exemple-definition.png> <./images/exemple-propos
ition.png> <./images/exemple-transformation.png>]
File: images/agda.png Graphic file (type png)
<use images/agda.png>
Package pdftex.def Info: images/agda.png  used on input line 200.
(pdftex.def)             Requested size: 128.48752pt x 42.05959pt.
File: images/exemple-definition.png Graphic file (type png)
<use images/exemple-definition.png>
Package pdftex.def Info: images/exemple-definition.png  used on input line 200.

(pdftex.def)             Requested size: 249.72858pt x 44.9672pt.
File: images/exemple-proposition.png Graphic file (type png)
<use images/exemple-proposition.png>
Package pdftex.def Info: images/exemple-proposition.png  used on input line 200
.
(pdftex.def)             Requested size: 252.94052pt x 22.4836pt.
File: images/exemple-transformation.png Graphic file (type png)
<use images/exemple-transformation.png>
Package pdftex.def Info: images/exemple-transformation.png  used on input line 
200.
(pdftex.def)             Requested size: 327.6182pt x 44.9672pt.

Overfull \hbox (8.52245pt too wide) in paragraph at lines 200--200
[][][][][][][]  
 []


Overfull \hbox (49.98457pt too wide) has occurred while \output is active
 [][]  \T1/phv/m/n/6 ([])  
 []


Overfull \hbox (10.66287pt too wide) has occurred while \output is active
 [][][][]  
 []

[15

]
File: images/agda.png Graphic file (type png)
<use images/agda.png>
Package pdftex.def Info: images/agda.png  used on input line 200.
(pdftex.def)             Requested size: 128.48752pt x 42.05959pt.
File: images/exemple-definition.png Graphic file (type png)
<use images/exemple-definition.png>
Package pdftex.def Info: images/exemple-definition.png  used on input line 200.

(pdftex.def)             Requested size: 249.72858pt x 44.9672pt.
File: images/exemple-proposition.png Graphic file (type png)
<use images/exemple-proposition.png>
Package pdftex.def Info: images/exemple-proposition.png  used on input line 200
.
(pdftex.def)             Requested size: 252.94052pt x 22.4836pt.
File: images/exemple-transformation.png Graphic file (type png)
<use images/exemple-transformation.png>
Package pdftex.def Info: images/exemple-transformation.png  used on input line 
200.
(pdftex.def)             Requested size: 327.6182pt x 44.9672pt.

Overfull \hbox (8.52245pt too wide) in paragraph at lines 200--200
[][][][][][][]  
 []


Overfull \hbox (49.98457pt too wide) has occurred while \output is active
 [][]  \T1/phv/m/n/6 ([])  
 []


Overfull \hbox (10.66287pt too wide) has occurred while \output is active
 [][][][]  
 []

[16

]
File: images/agda.png Graphic file (type png)
<use images/agda.png>
Package pdftex.def Info: images/agda.png  used on input line 200.
(pdftex.def)             Requested size: 128.48752pt x 42.05959pt.
File: images/exemple-definition.png Graphic file (type png)
<use images/exemple-definition.png>
Package pdftex.def Info: images/exemple-definition.png  used on input line 200.

(pdftex.def)             Requested size: 249.72858pt x 44.9672pt.
File: images/exemple-proposition.png Graphic file (type png)
<use images/exemple-proposition.png>
Package pdftex.def Info: images/exemple-proposition.png  used on input line 200
.
(pdftex.def)             Requested size: 252.94052pt x 22.4836pt.
File: images/exemple-transformation.png Graphic file (type png)
<use images/exemple-transformation.png>
Package pdftex.def Info: images/exemple-transformation.png  used on input line 
200.
(pdftex.def)             Requested size: 327.6182pt x 44.9672pt.

Overfull \hbox (8.52245pt too wide) in paragraph at lines 200--200
[][][][][][][][]  
 []


Overfull \hbox (49.98457pt too wide) has occurred while \output is active
 [][]  \T1/phv/m/n/6 ([])  
 []


Overfull \hbox (10.66287pt too wide) has occurred while \output is active
 [][][][]  
 []

[17

]
Overfull \hbox (49.98457pt too wide) in paragraph at lines 203--203
 [][]  \T1/phv/m/n/6 ([])  
 []


Overfull \hbox (10.66287pt too wide) in paragraph at lines 203--203
 [][][][]  
 []

\openout4 = `presentation.vrb'.


Overfull \hbox (49.98457pt too wide) in paragraph at lines 224--224
 [][]  \T1/phv/m/n/6 ([])  
 []


Overfull \hbox (10.66287pt too wide) in paragraph at lines 224--224
 [][][][]  
 []

(./presentation.vrb)
Overfull \hbox (49.98457pt too wide) has occurred while \output is active
 [][]  \T1/phv/m/n/6 ([])  
 []


Overfull \hbox (10.66287pt too wide) has occurred while \output is active
 [][][][]  
 []

[18

]
Overfull \hbox (49.98457pt too wide) in paragraph at lines 227--227
 [][]  \T1/phv/m/n/6 ([])  
 []


Overfull \hbox (10.66287pt too wide) in paragraph at lines 227--227
 [][][][]  
 []

\openout4 = `presentation.vrb'.


Overfull \hbox (49.98457pt too wide) in paragraph at lines 250--250
 [][]  \T1/phv/m/n/6 ([])  
 []


Overfull \hbox (10.66287pt too wide) in paragraph at lines 250--250
 [][][][]  
 []

(./presentation.vrb
LaTeX Font Info:    Font shape `T1/phv/m/n' will be
(Font)              scaled to size 11.78992pt on input line 21.
)
Overfull \hbox (49.98457pt too wide) has occurred while \output is active
 [][]  \T1/phv/m/n/6 ([])  
 []


Overfull \hbox (10.66287pt too wide) has occurred while \output is active
 [][][][]  
 []

[19

]
Overfull \hbox (49.98457pt too wide) in paragraph at lines 253--253
 [][]  \T1/phv/m/n/6 ([])  
 []


Overfull \hbox (10.66287pt too wide) in paragraph at lines 253--253
 [][][][]  
 []

\openout4 = `presentation.vrb'.


Overfull \hbox (49.98457pt too wide) in paragraph at lines 290--290
 [][]  \T1/phv/m/n/6 ([])  
 []


Overfull \hbox (10.66287pt too wide) in paragraph at lines 290--290
 [][][][]  
 []

(./presentation.vrb)
Overfull \hbox (49.98457pt too wide) has occurred while \output is active
 [][]  \T1/phv/m/n/6 ([])  
 []


Overfull \hbox (10.66287pt too wide) has occurred while \output is active
 [][][][]  
 []

[20

]
Overfull \hbox (49.98457pt too wide) in paragraph at lines 292--292
 [][]  \T1/phv/m/n/6 ([])  
 []


Overfull \hbox (10.66287pt too wide) in paragraph at lines 292--292
 [][][][]  
 []

\openout4 = `presentation.vrb'.


Overfull \hbox (49.98457pt too wide) in paragraph at lines 317--317
 [][]  \T1/phv/m/n/6 ([])  
 []


Overfull \hbox (10.66287pt too wide) in paragraph at lines 317--317
 [][][][]  
 []

(./presentation.vrb)
Overfull \hbox (49.98457pt too wide) has occurred while \output is active
 [][]  \T1/phv/m/n/6 ([])  
 []


Overfull \hbox (10.66287pt too wide) has occurred while \output is active
 [][][][]  
 []

[21

]
Overfull \hbox (49.98457pt too wide) in paragraph at lines 322--322
 [][]  \T1/phv/m/n/6 ([])  
 []


Overfull \hbox (10.66287pt too wide) in paragraph at lines 322--322
 [][][][]  
 []


Overfull \hbox (49.98457pt too wide) has occurred while \output is active
 [][]  \T1/phv/m/n/6 ([])  
 []


Overfull \hbox (10.66287pt too wide) has occurred while \output is active
 [][][][]  
 []

[22

]
Overfull \hbox (49.98457pt too wide) in paragraph at lines 335--335
 [][]  \T1/phv/m/n/6 ([])  
 []


Overfull \hbox (10.66287pt too wide) in paragraph at lines 335--335
 [][][][]  
 []

LaTeX Font Info:    Font shape `T1/phv/b/n' will be
(Font)              scaled to size 10.79993pt on input line 335.

Overfull \hbox (49.98457pt too wide) has occurred while \output is active
 [][]  \T1/phv/m/n/6 ([])  
 []


Overfull \hbox (10.66287pt too wide) has occurred while \output is active
 [][][][]  
 []

[23

]
Overfull \hbox (49.98457pt too wide) has occurred while \output is active
 [][]  \T1/phv/m/n/6 ([])  
 []


Overfull \hbox (10.66287pt too wide) has occurred while \output is active
 [][][][]  
 []

[24

]
Overfull \hbox (49.98457pt too wide) has occurred while \output is active
 [][]  \T1/phv/m/n/6 ([])  
 []


Overfull \hbox (10.66287pt too wide) has occurred while \output is active
 [][][][]  
 []

[25

]
Overfull \hbox (49.98457pt too wide) has occurred while \output is active
 [][]  \T1/phv/m/n/6 ([])  
 []


Overfull \hbox (10.66287pt too wide) has occurred while \output is active
 [][][][]  
 []

[26

]
Overfull \hbox (49.98457pt too wide) has occurred while \output is active
 [][]  \T1/phv/m/n/6 ([])  
 []


Overfull \hbox (10.66287pt too wide) has occurred while \output is active
 [][][][]  
 []

[27

]
Overfull \hbox (49.98457pt too wide) has occurred while \output is active
 [][]  \T1/phv/m/n/6 ([])  
 []


Overfull \hbox (10.66287pt too wide) has occurred while \output is active
 [][][][]  
 []

[28

]
Overfull \hbox (49.98457pt too wide) has occurred while \output is active
 [][]  \T1/phv/m/n/6 ([])  
 []


Overfull \hbox (10.66287pt too wide) has occurred while \output is active
 [][][][]  
 []

[29

]
Overfull \hbox (49.98457pt too wide) in paragraph at lines 341--341
 [][]  \T1/phv/m/n/6 ([])  
 []


Overfull \hbox (10.66287pt too wide) in paragraph at lines 341--341
 [][][][]  
 []


Overfull \hbox (49.98457pt too wide) has occurred while \output is active
 [][]  \T1/phv/m/n/6 ([])  
 []


Overfull \hbox (10.66287pt too wide) has occurred while \output is active
 [][][][]  
 []

[30

]
Overfull \hbox (49.98457pt too wide) in paragraph at lines 354--354
 [][]  \T1/phv/m/n/6 ([])  
 []


Overfull \hbox (10.66287pt too wide) in paragraph at lines 354--354
 [][][][]  
 []


Overfull \hbox (49.98457pt too wide) has occurred while \output is active
 [][]  \T1/phv/m/n/6 ([])  
 []


Overfull \hbox (10.66287pt too wide) has occurred while \output is active
 [][][][]  
 []

[31

]
Overfull \hbox (49.98457pt too wide) in paragraph at lines 379--379
 [][]  \T1/phv/m/n/6 ([])  
 []


Overfull \hbox (10.66287pt too wide) in paragraph at lines 379--379
 [][][][]  
 []


Overfull \hbox (49.98457pt too wide) has occurred while \output is active
 [][]  \T1/phv/m/n/6 ([])  
 []


Overfull \hbox (10.66287pt too wide) has occurred while \output is active
 [][][][]  
 []

[32

]
Overfull \hbox (49.98457pt too wide) in paragraph at lines 407--407
 [][]  \T1/phv/m/n/6 ([])  
 []


Overfull \hbox (10.66287pt too wide) in paragraph at lines 407--407
 [][][][]  
 []


Overfull \hbox (49.98457pt too wide) has occurred while \output is active
 [][]  \T1/phv/m/n/6 ([])  
 []


Overfull \hbox (10.66287pt too wide) has occurred while \output is active
 [][][][]  
 []

[33

]
Overfull \hbox (49.98457pt too wide) in paragraph at lines 433--433
 [][]  \T1/phv/m/n/6 ([])  
 []


Overfull \hbox (10.66287pt too wide) in paragraph at lines 433--433
 [][][][]  
 []


Overfull \hbox (49.98457pt too wide) has occurred while \output is active
 [][]  \T1/phv/m/n/6 ([])  
 []


Overfull \hbox (10.66287pt too wide) has occurred while \output is active
 [][][][]  
 []

[34

]
Overfull \hbox (49.98457pt too wide) in paragraph at lines 480--480
 [][]  \T1/phv/m/n/6 ([])  
 []


Overfull \hbox (10.66287pt too wide) in paragraph at lines 480--480
 [][][][]  
 []


Overfull \vbox (86.5715pt too high) detected at line 480
 []


Overfull \hbox (49.98457pt too wide) has occurred while \output is active
 [][]  \T1/phv/m/n/6 ([])  
 []


Overfull \hbox (10.66287pt too wide) has occurred while \output is active
 [][][][]  
 []

[35

]
\tf@nav=\write6
\openout6 = `presentation.nav'.

\tf@toc=\write7
\openout7 = `presentation.toc'.

\tf@snm=\write8
\openout8 = `presentation.snm'.

 (./presentation.aux)
 ***********
LaTeX2e <2025-11-01>
L3 programming layer <2026-01-19>
 ***********
Package rerunfilecheck Info: File `presentation.out' has not changed.
(rerunfilecheck)             Checksum: 6DA8A015749FE7EB7599872243B886DC;1371.
 ) 
Here is how much of TeX's memory you used:
 48895 strings out of 469486
 1164676 string characters out of 5469659
 1807916 words of memory out of 5000000
 76764 multiletter control sequences out of 15000+600000
 714891 words of font info for 145 fonts, out of 8000000 for 9000
 14 hyphenation exceptions out of 8191
 128i,18n,123p,387b,1498s stack positions out of 10000i,1000n,20000p,200000b,200000s
</usr/share/texmf-dist/fonts/type1/public/amsfonts/cm/cmmi10.pfb></usr/share/
texmf-dist/fonts/type1/public/amsfonts/cm/cmss12.pfb></usr/share/texmf-dist/fon
ts/type1/public/amsfonts/cm/cmss9.pfb></usr/share/texmf-dist/fonts/type1/public
/amsfonts/cm/cmsy10.pfb></usr/share/texmf-dist/fonts/type1/urw/helvetic/uhvb8a.
pfb></usr/share/texmf-dist/fonts/type1/urw/helvetic/uhvr8a.pfb></usr/share/texm
f-dist/fonts/type1/urw/helvetic/uhvro8a.pfb></usr/share/texmf-dist/fonts/type1/
urw/symbol/usyr.pfb></usr/share/texmf-dist/fonts/type1/urw/zapfchan/uzcmi8a.pfb
>
Output written on presentation.pdf (35 pages, 198321 bytes).
PDF statistics:
 1233 PDF objects out of 1440 (max. 8388607)
 1079 compressed objects within 11 object streams
 78 named destinations out of 1000 (max. 500000)
 359 words of extra memory for PDF output out of 10000 (max. 10000000)

